Advertising datanames...
     /etri/bldg7/room513/switches @rn
     /etri/bldg310/room628/printers @rn
     /presidential/election/2022/candidates @rn
     /etri/bldg7/room513/temperature @rn
     /etri/bldg7/room210/printers @rn
     /etri/bldg7/room303/temperature @rn
     /etri/bldg310/room628/temperature @rn

Publishing data...
     /etri/bldg7/room513/temperature/1 = 28.5 @rn
     /etri/bldg7/room513/temperature/2 = 28.2 @rn
     /etri/bldg7/room513/temperature/3 = 28.0 @rn
     /etri/bldg7/room303/temperature/1 = 29.0 @rn
     /etri/bldg7/room210/printers/1 = {'color': ['hp'], 'bw': ['canon', 'epson']} @rn

Data names for topic /rn/manitopic/etri/bldg7/+/temperature are...
     /etri/bldg7/room513/temperature
     /etri/bldg7/room303/temperature

Data manifests for corresponding names are...
     /etri/bldg7/room513/temperature = 3
     /etri/bldg7/room303/temperature = 1

Data for the manifests starting from index 2 are...
     /etri/bldg7/room513/temperature [28.2, 28.0]
     /etri/bldg7/room303/temperature []

All data items for the manifests are...
     /etri/bldg7/room513/temperature@rn [28.5, 28.2, 28.0]
     /etri/bldg7/room303/temperature@rn [29.0]

That's all, folks!
